candidate,r1_count,r2_count
A,3,4
B,3,3
C,3,3
D,1,0
exhaust,0,0
colsum,10,10
