candidate,r1_count,r2_count,r3_count
A,7,7,9
B,4,4,4
C,2,2,0
D,1,0,0
exhaust,0,1,1
colsum,14,14,14
