candidate,r1_count,r2_count
A,6,8
B,5,5
C,3,0
exhaust,0,1
colsum,14,14
