candidate,r1_count,r2_count
A,0,0
B,5,5
C,6,6
D,3,0
exhaust,0,3
colsum,14,14
